// Jest Snapshot v1, https://goo.gl/fbAQLP

exports[`createSilentAudio 1`] = `"ffmpeg -f lavfi -i aevalsrc=0:0::duration=30:sample_rate=44100 -ab 128k caches/silent-30000ms.mp3 -y"`;
